Microchip MPLAB XC8 Compiler V2.45

Linker command line:

-W-3 \
  --edf=C:/Users/konir/.mchp_packs/Microchip/PIC16Fxxx_DFP/1.6.156/xc8\pic\dat\20231012211500_en.msgs \
  -cn -h+dist/default/production\C_B_B.X.production.sym \
  --cmf=dist/default/production\C_B_B.X.production.cmf -z -Q16F877A \
  -oC:\Users\konir\AppData\Local\Temp\xcBs60o.1\driver_tmp_3.o \
  --defsym=__MPLAB_BUILD=1 --fixupoverflow=error \
  -Mdist/default/production/C_B_B.X.production.map \
  --md=C:\Users\konir\AppData\Local\Temp\xcBs60o.1\driver_tmp_0.dat -E1 \
  -ver=XC8 Compiler --acfsm=1493 -ACODE=00h-07FFhx4 -ASTRCODE=00h-01FFFh \
  -ASTRING=00h-0FFhx32 -ACONST=00h-0FFhx32 -AENTRY=00h-0FFhx32 \
  -ACOMMON=070h-07Fh -ABANK0=020h-06Fh -ABANK1=0A0h-0EFh \
  -ABANK2=0110h-016Fh -ABANK3=0190h-01EFh \
  -ARAM=020h-06Fh,0A0h-0EFh,0110h-016Fh,0190h-01EFh \
  -AABS1=020h-07Fh,0A0h-0EFh,0110h-016Fh,0190h-01EFh -ASFR0=00h-01Fh \
  -ASFR1=080h-09Fh -ASFR2=0100h-010Fh -ASFR3=0180h-018Fh \
  -ACONFIG=02007h-02007h -DCONFIG=2 -AIDLOC=02000h-02003h -DIDLOC=2 \
  -AEEDATA=00h-0FFh/02100h -peeprom_data=EEDATA -DEEDATA=2 -DCODE=2 \
  -DSTRCODE=2 -DSTRING=2 -DCONST=2 -DENTRY=2 \
  -preset_vec=00h,intentry=04h,init,end_init -ppowerup=CODE -pcinit=CODE \
  -pfunctab=ENTRY -k \
  C:\Users\konir\AppData\Local\Temp\xcBs60o.1\driver_tmp_12.o \
  dist/default/production\C_B_B.X.production.o 

Object code version is 3.11

Machine type is 16F877A



                Name                               Link     Load   Length Selector   Space Scale
C:\Users\konir\AppData\Local\Temp\xcBs60o.1\driver_tmp_12.o
                end_init                              C        C        3        8       0
                reset_vec                             0        0        3        0       0
                config                             2007     2007        1        0       4
                idloc                              2000     2000        4        0       5
dist/default/production\C_B_B.X.production.o
                cinit                                 F        F       31        8       0
                intentry                              4        4        8        8       0
                config                             2007     2007        1        0       4
                idloc                              2000     2000        4        0       5
                text53                              847      847       35     108E       0
                text52                              997      997       46     132E       0
                text51                              8B1      8B1       36     1162       0
                text50                             17A2     17A2       2F     2F44       0
                text49                             15EF     15EF       15     2BDE       0
                text48                             15A6     15A6       11     2B4C       0
                text47                             157F     157F        D     2AFE       0
                text46                             161B     161B       1A     2C36       0
                text45                             158C     158C        D     2B18       0
                text44                             1541     1541        9     2A82       0
                text43                             154A     154A        9     2A94       0
                text42                             1553     1553        B     2AA6       0
                text41                             1650     1650       1E     2CA0       0
                text40                              A2C      A2C       50     1458       0
                text39                              EA3      EA3      15D     1D46       0
                text38                             1776     1776       2C     2EEC       0
                text37                              B9D      B9D       67     173A       0
                text36                              7A7      7A7       59      ADA       0
                text35                             168C     168C       21     2D18       0
                text34                             155E     155E        B     2ABC       0
                text33                             1720     1720       2B     2E40       0
                text32                              C04      C04       67     1808       0
                text31                              AD8      AD8       62     15B0       0
                text30                              6D8      6D8       CF      ADA       0
                text29                              800      800       15      ADA       0
                text28                             174B     174B       2B     2E96       0
                text27                              CD3      CD3       7F     19A6       0
                text26                             1569     1569        B     2AD2       0
                text25                             16D0     16D0       26     2DA0       0
                text24                              392      392       6B        8       0
                text23                             1532     1532        7     2A64       0
                text22                              B3A      B3A       63     1674       0
                text21                             1574     1574        B     2AE8       0
                text20                             152C     152C        6     2A58       0
                text19                             166E     166E       1E     2CDC       0
                text18                             15C9     15C9       13     2B92       0
                text17                              C6B      C6B       68     18D6       0
                text16                              815      815       32     102A       0
                text15                             1599     1599        D     2B32       0
                text14                              87C      87C       35     10F8       0
                text13                              8E7      8E7       3A     11CE       0
                text12                             17D1     17D1       2F     2FA2       0
                text11                              95B      95B       3C     12B6       0
                text10                              A7C      A7C       5C     14F8       0
                text9                              1604     1604       17     2C08       0
                text8                               56D      56D      16B      ADA       0
                text7                              15B7     15B7       12     2B6E       0
                text6                              16F6     16F6       2A     2DEC       0
                text5                               9DD      9DD       4F     13BA       0
                text4                               921      921       3A     1242       0
                text3                               D52      D52      151     1AA4       0
                text2                              16AD     16AD       23     2D5A       0
                text1                               30A      30A       88        8       0
                maintext                             40       40      2CA        8       0
                cstackBANK0                          20       20       2D       20       1
                cstackCOMMON                         70       70        A       70       1
                clrtext                            1539     1539        8     2A72       0
                inittext                           15DC     15DC       13     2BB8       0
                dataBANK1                            D1       D1       1B       A0       1
                bssBANK1                             A0       A0       31       A0       1
                dataBANK0                            6B       6B        5       20       1
                bssBANK0                             4D       4D       1E       20       1
                bssCOMMON                            7A       7A        2       70       1
                stringtext                          400      400      16D        8       0
                strings                            1000     1000       12     2000       0
                idataBANK1                         1635     1635       1B     2C6A       0
                idataBANK0                         1527     1527        5     2A4E       0

TOTAL           Name                               Link     Load   Length     Space
        CLASS   CODE           
                end_init                              C        C        3         0
                cinit                                 F        F       31         0
                intentry                              4        4        8         0
                reset_vec                             0        0        3         0
                text53                              847      847       35         0
                text52                              997      997       46         0
                text51                              8B1      8B1       36         0
                text50                             17A2     17A2       2F         0
                text49                             15EF     15EF       15         0
                text48                             15A6     15A6       11         0
                text47                             157F     157F        D         0
                text46                             161B     161B       1A         0
                text45                             158C     158C        D         0
                text44                             1541     1541        9         0
                text43                             154A     154A        9         0
                text42                             1553     1553        B         0
                text41                             1650     1650       1E         0
                text40                              A2C      A2C       50         0
                text39                              EA3      EA3      15D         0
                text38                             1776     1776       2C         0
                text37                              B9D      B9D       67         0
                text36                              7A7      7A7       59         0
                text35                             168C     168C       21         0
                text34                             155E     155E        B         0
                text33                             1720     1720       2B         0
                text32                              C04      C04       67         0
                text31                              AD8      AD8       62         0
                text30                              6D8      6D8       CF         0
                text29                              800      800       15         0
                text28                             174B     174B       2B         0
                text27                              CD3      CD3       7F         0
                text26                             1569     1569        B         0
                text25                             16D0     16D0       26         0
                text24                              392      392       6B         0
                text23                             1532     1532        7         0
                text22                              B3A      B3A       63         0
                text21                             1574     1574        B         0
                text20                             152C     152C        6         0
                text19                             166E     166E       1E         0
                text18                             15C9     15C9       13         0
                text17                              C6B      C6B       68         0
                text16                              815      815       32         0
                text15                             1599     1599        D         0
                text14                              87C      87C       35         0
                text13                              8E7      8E7       3A         0
                text12                             17D1     17D1       2F         0
                text11                              95B      95B       3C         0
                text10                              A7C      A7C       5C         0
                text9                              1604     1604       17         0
                text8                               56D      56D      16B         0
                text7                              15B7     15B7       12         0
                text6                              16F6     16F6       2A         0
                text5                               9DD      9DD       4F         0
                text4                               921      921       3A         0
                text3                               D52      D52      151         0
                text2                              16AD     16AD       23         0
                text1                               30A      30A       88         0
                maintext                             40       40      2CA         0
                clrtext                            1539     1539        8         0
                inittext                           15DC     15DC       13         0
                idataBANK1                         1635     1635       1B         0
                idataBANK0                         1527     1527        5         0

        CLASS   STRCODE        
                stringtext                          400      400      16D         0

        CLASS   STRING         
                strings                            1000     1000       12         0

        CLASS   CONST          

        CLASS   ENTRY          

        CLASS   COMMON         
                cstackCOMMON                         70       70        A         1
                bssCOMMON                            7A       7A        2         1

        CLASS   BANK0          
                cstackBANK0                          20       20       2D         1
                dataBANK0                            6B       6B        5         1
                bssBANK0                             4D       4D       1E         1

        CLASS   BANK1          
                dataBANK1                            D1       D1       1B         1
                bssBANK1                             A0       A0       31         1

        CLASS   BANK2          

        CLASS   BANK3          

        CLASS   RAM            

        CLASS   ABS1           
                abs_s1                               7E       7E        2         1

        CLASS   SFR0           

        CLASS   SFR1           

        CLASS   SFR2           

        CLASS   SFR3           

        CLASS   CONFIG         
                config                             2007     2007        1         4

        CLASS   IDLOC          
                idloc                              2000     2000        4         5

        CLASS   EEDATA         

        CLASS   HEAP           

        CLASS   STACK          



SEGMENTS        Name                           Load    Length   Top    Selector   Space  Class     Delta

                reset_vec                      000000  000003  000003         0       0  CODE        2
                intentry                       000004  0003F9  0003FD         8       0  CODE        2
                cstackBANK0                    000020  000050  000070        20       1  BANK0       1
                cstackCOMMON                   000070  00000C  00007C        70       1  COMMON      1
                bssBANK1                       0000A0  00004C  0000EC        A0       1  BANK1       1
                stringtext                     000400  00016D  00056D         8       0  STRCODE     2
                text8                          00056D  0002A8  000815       ADA       0  CODE        2
                text16                         000815  000032  000847      102A       0  CODE        2
                text53                         000847  000035  00087C      108E       0  CODE        2
                text14                         00087C  000035  0008B1      10F8       0  CODE        2
                text51                         0008B1  000036  0008E7      1162       0  CODE        2
                text13                         0008E7  00003A  000921      11CE       0  CODE        2
                text4                          000921  00003A  00095B      1242       0  CODE        2
                text11                         00095B  00003C  000997      12B6       0  CODE        2
                text52                         000997  000046  0009DD      132E       0  CODE        2
                text5                          0009DD  00004F  000A2C      13BA       0  CODE        2
                text40                         000A2C  000050  000A7C      1458       0  CODE        2
                text10                         000A7C  00005C  000AD8      14F8       0  CODE        2
                text31                         000AD8  000062  000B3A      15B0       0  CODE        2
                text22                         000B3A  000063  000B9D      1674       0  CODE        2
                text37                         000B9D  000067  000C04      173A       0  CODE        2
                text32                         000C04  000067  000C6B      1808       0  CODE        2
                text17                         000C6B  000068  000CD3      18D6       0  CODE        2
                text27                         000CD3  00007F  000D52      19A6       0  CODE        2
                text3                          000D52  000151  000EA3      1AA4       0  CODE        2
                text39                         000EA3  00015D  001000      1D46       0  CODE        2
                strings                        001000  000012  001012      2000       0  STRING      2
                idataBANK0                     001527  000005  00152C      2A4E       0  CODE        2
                text20                         00152C  000006  001532      2A58       0  CODE        2
                text23                         001532  000007  001539      2A64       0  CODE        2
                clrtext                        001539  000008  001541      2A72       0  CODE        2
                text44                         001541  000009  00154A      2A82       0  CODE        2
                text43                         00154A  000009  001553      2A94       0  CODE        2
                text42                         001553  00000B  00155E      2AA6       0  CODE        2
                text34                         00155E  00000B  001569      2ABC       0  CODE        2
                text26                         001569  00000B  001574      2AD2       0  CODE        2
                text21                         001574  00000B  00157F      2AE8       0  CODE        2
                text47                         00157F  00000D  00158C      2AFE       0  CODE        2
                text45                         00158C  00000D  001599      2B18       0  CODE        2
                text15                         001599  00000D  0015A6      2B32       0  CODE        2
                text48                         0015A6  000011  0015B7      2B4C       0  CODE        2
                text7                          0015B7  000012  0015C9      2B6E       0  CODE        2
                text18                         0015C9  000013  0015DC      2B92       0  CODE        2
                inittext                       0015DC  000013  0015EF      2BB8       0  CODE        2
                text49                         0015EF  000015  001604      2BDE       0  CODE        2
                text9                          001604  000017  00161B      2C08       0  CODE        2
                text46                         00161B  00001A  001635      2C36       0  CODE        2
                idataBANK1                     001635  00001B  001650      2C6A       0  CODE        2
                text41                         001650  00001E  00166E      2CA0       0  CODE        2
                text19                         00166E  00001E  00168C      2CDC       0  CODE        2
                text35                         00168C  000021  0016AD      2D18       0  CODE        2
                text2                          0016AD  000023  0016D0      2D5A       0  CODE        2
                text25                         0016D0  000026  0016F6      2DA0       0  CODE        2
                text6                          0016F6  00002A  001720      2DEC       0  CODE        2
                text33                         001720  00002B  00174B      2E40       0  CODE        2
                text28                         00174B  00002B  001776      2E96       0  CODE        2
                text38                         001776  00002C  0017A2      2EEC       0  CODE        2
                text50                         0017A2  00002F  0017D1      2F44       0  CODE        2
                text12                         0017D1  00002F  001800      2FA2       0  CODE        2


UNUSED ADDRESS RANGES

        Name                Unused          Largest block    Delta
        BANK1            00EC-00EF              4           1
        BANK2            0110-016F             60           1
        BANK3            0190-01EF             60           1
        CODE             0003-0003              1           2
                         03FD-03FF              3
                         1012-1526            515
                         1800-1FFF            800
        COMMON           007C-007D              2           1
        CONST            0003-0003              1           2
                         03FD-03FF              3
                         1012-1526            100
                         1800-1FFF            100
        EEDATA           2100-21FF            100           2
        ENTRY            0003-0003              1           2
                         03FD-03FF              3
                         1012-1526            100
                         1800-1FFF            100
        RAM              00EC-00EF              4           1
                         0110-016F             60
                         0190-01EF             60
        SFR0             0000-001F             20           1
        SFR1             0080-009F             20           1
        SFR2             0100-010F             10           1
        SFR3             0180-018F             10           1
        STRCODE          0003-0003              1           2
                         03FD-03FF              3
                         1012-1526            515
                         1800-1FFF            800
        STRING           0003-0003              1           2
                         03FD-03FF              3
                         1012-1526            100
                         1800-1FFF            100

                                  Symbol Table

?___awdiv                          cstackCOMMON 0072
?___awmod                          cstackCOMMON 0072
?___lldiv                          cstackCOMMON 0072
?___lwdiv                          cstackCOMMON 0076
?___lwmod                          cstackCOMMON 0072
?_read_adc                         cstackCOMMON 0072
?_strncmp                          cstackCOMMON 0072
_ACKDT                             (abs)        048D
_ACKEN                             (abs)        048C
_ACKSTAT                           (abs)        048E
_ADFM                              (abs)        04FF
_ADON                              (abs)        00F8
_ADRESH                            (abs)        001E
_ADRESL                            (abs)        009E
_BRGH                              (abs)        04C2
_CREN                              (abs)        00C4
_GIE                               (abs)        005F
_GO                                (abs)        00FA
_PEIE                              (abs)        005E
_PEN                               (abs)        048A
_PORTB                             (abs)        0006
_PORTD                             (abs)        0008
_PR2                               (abs)        0092
_RCEN                              (abs)        048B
_RE1                               (abs)        0049
_RE2                               (abs)        004A
_R_nW                              (abs)        04A2
_SEN                               (abs)        0488
_SPBRG                             (abs)        0099
_SPEN                              (abs)        00C7
_SSPADD                            (abs)        0093
_SSPBUF                            (abs)        0013
_SSPCON2                           (abs)        0091
_SSPEN                             (abs)        00A5
_SSPM3                             (abs)        00A3
_T2CKPS0                           (abs)        0090
_T2CKPS1                           (abs)        0091
_TMR2                              (abs)        0011
_TMR2IE                            (abs)        0461
_TMR2IF                            (abs)        0061
_TMR2ON                            (abs)        0092
_TRISB                             (abs)        0086
_TRISD                             (abs)        0088
_TRISE1                            (abs)        0449
_TRISE2                            (abs)        044A
_TXIF                              (abs)        0064
_TXREG                             (abs)        0019
__H__absolute__                    __absolute__ 0000
__Habs1                            abs1         0000
__Hbank0                           bank0        0000
__Hbank1                           bank1        0000
__Hbank2                           bank2        0000
__Hbank3                           bank3        0000
__HbssBANK0                        bssBANK0     0000
__HbssBANK1                        bssBANK1     0000
__HbssCOMMON                       bssCOMMON    0000
__Hcinit                           cinit        0040
__Hclrtext                         clrtext      0000
__Hcode                            code         0000
__Hcommon                          common       0000
__Hconfig                          config       2008
__HcstackBANK0                     cstackBANK0  0000
__HcstackCOMMON                    cstackCOMMON 0000
__HdataBANK0                       dataBANK0    0000
__HdataBANK1                       dataBANK1    0000
__Heeprom_data                     eeprom_data  0000
__Hend_init                        end_init     000F
__Hfunctab                         functab      0000
__Hheap                            heap         0000
__HidataBANK0                      idataBANK0   0000
__HidataBANK1                      idataBANK1   0000
__Hidloc                           idloc        2004
__Hinit                            init         000C
__Hinittext                        inittext     0000
__Hintentry                        intentry     000C
__Hmaintext                        maintext     0000
__Hpowerup                         powerup      0000
__Hram                             ram          0000
__Hreset_vec                       reset_vec    0003
__Hsfr0                            sfr0         0000
__Hsfr1                            sfr1         0000
__Hsfr2                            sfr2         0000
__Hsfr3                            sfr3         0000
__Hspace_0                         (abs)        1800
__Hspace_1                         (abs)        00EC
__Hspace_2                         (abs)        0000
__Hspace_3                         (abs)        0000
__Hspace_4                         (abs)        400F
__Hstack                           stack        0000
__Hstrings                         strings      0000
__Hstringtext                      stringtext   0000
__Htext                            text         0000
__L__absolute__                    __absolute__ 0000
__Labs1                            abs1         0000
__Lbank0                           bank0        0000
__Lbank1                           bank1        0000
__Lbank2                           bank2        0000
__Lbank3                           bank3        0000
__LbssBANK0                        bssBANK0     0000
__LbssBANK1                        bssBANK1     0000
__LbssCOMMON                       bssCOMMON    0000
__Lcinit                           cinit        000F
__Lclrtext                         clrtext      0000
__Lcode                            code         0000
__Lcommon                          common       0000
__Lconfig                          config       0000
__LcstackBANK0                     cstackBANK0  0000
__LcstackCOMMON                    cstackCOMMON 0000
__LdataBANK0                       dataBANK0    0000
__LdataBANK1                       dataBANK1    0000
__Leeprom_data                     eeprom_data  0000
__Lend_init                        end_init     000C
__Lfunctab                         functab      0000
__Lheap                            heap         0000
__LidataBANK0                      idataBANK0   0000
__LidataBANK1                      idataBANK1   0000
__Lidloc                           idloc        0000
__Linit                            init         000C
__Linittext                        inittext     0000
__Lintentry                        intentry     0004
__Lmaintext                        maintext     0000
__Lpowerup                         powerup      0000
__Lram                             ram          0000
__Lreset_vec                       reset_vec    0000
__Lsfr0                            sfr0         0000
__Lsfr1                            sfr1         0000
__Lsfr2                            sfr2         0000
__Lsfr3                            sfr3         0000
__Lspace_0                         (abs)        0000
__Lspace_1                         (abs)        0000
__Lspace_2                         (abs)        0000
__Lspace_3                         (abs)        0000
__Lspace_4                         (abs)        0000
__Lstack                           stack        0000
__Lstrings                         strings      0000
__Lstringtext                      stringtext   0000
__Ltext                            text         0000
__S0                               (abs)        1800
__S1                               (abs)        00EC
__S3                               (abs)        0000
___awdiv                           text37       0B9D
___awdiv@counter                   cstackCOMMON 0076
___awdiv@dividend                  cstackCOMMON 0074
___awdiv@divisor                   cstackCOMMON 0072
___awdiv@quotient                  cstackCOMMON 0078
___awdiv@sign                      cstackCOMMON 0077
___awmod                           text36       07A7
___awmod@counter                   cstackCOMMON 0076
___awmod@dividend                  cstackCOMMON 0074
___awmod@divisor                   cstackCOMMON 0072
___awmod@sign                      cstackCOMMON 0077
___bmul                            text29       0800
___bmul@multiplicand               cstackCOMMON 0072
___bmul@multiplier                 cstackCOMMON 0074
___bmul@product                    cstackCOMMON 0073
___heap_hi                         (abs)        0000
___heap_lo                         (abs)        0000
___int_sp                          stack        0000
___int_stack_hi                    stack        0000
___int_stack_lo                    stack        0000
___latbits                         (abs)        0002
___lldiv                           text17       0C6B
___lldiv@counter                   cstackBANK0  0025
___lldiv@dividend                  cstackCOMMON 0076
___lldiv@divisor                   cstackCOMMON 0072
___lldiv@quotient                  cstackBANK0  0021
___lwdiv                           text52       0997
___lwdiv@counter                   cstackBANK0  0022
___lwdiv@dividend                  cstackCOMMON 0078
___lwdiv@divisor                   cstackCOMMON 0076
___lwdiv@quotient                  cstackBANK0  0020
___lwmod                           text4        0921
___lwmod@counter                   cstackCOMMON 0076
___lwmod@dividend                  cstackCOMMON 0074
___lwmod@divisor                   cstackCOMMON 0072
___sp                              stack        0000
___stack_hi                        stack        0000
___stack_lo                        stack        0000
___stackhi                         (abs)        0000
___stacklo                         (abs)        0000
__end_of___awdiv                   text37       0C04
__end_of___awmod                   text36       0800
__end_of___bmul                    text29       0815
__end_of___lldiv                   text17       0CD3
__end_of___lwdiv                   text52       09DD
__end_of___lwmod                   text4        095B
__end_of__initialization           cinit        003C
__end_of__stringtab                strings      1012
__end_of_change_pass               text39       1000
__end_of_clcd_print                text50       17D1
__end_of_clcd_putch                text49       1604
__end_of_clcd_write                text51       08E7
__end_of_clear_display             text48       15B7
__end_of_clear_log                 text38       17A2
__end_of_cursor_off                text47       158C
__end_of_cursor_on                 text46       1635
__end_of_display_dashboard         text31       0B3A
__end_of_display_menu              text30       07A7
__end_of_download_log              text24       03FD
__end_of_eeprom_at24C04_byte_write text41       166E
__end_of_eeprom_at24C04_read       text28       1776
__end_of_eeprom_at24C04_str_write  text12       1800
__end_of_fetch_data_from_memory    text27       0D52
__end_of_get_time                  text32       0C6B
__end_of_i2c_read                  text35       16AD
__end_of_i2c_rep_start             text34       1569
__end_of_i2c_start                 text44       154A
__end_of_i2c_stop                  text43       1553
__end_of_i2c_wait_for_idle         text45       1599
__end_of_i2c_write                 text42       155E
__end_of_init                      text13       0921
__end_of_init_adc                  text23       1539
__end_of_init_clcd                 text21       157F
__end_of_init_digital_keypad       text20       1532
__end_of_init_display_controller   text22       0B9D
__end_of_init_ds1307               text18       15DC
__end_of_init_i2c                  text16       0847
__end_of_init_timer2               text15       15A6
__end_of_init_uart                 text14       08B1
__end_of_isr                       text53       087C
__end_of_log_event                 text10       0AD8
__end_of_log_event_write           text11       0997
__end_of_login                     text8        06D8
__end_of_login_screen              text9        161B
__end_of_main                      maintext     030A
__end_of_putchar                   text26       1574
__end_of_puts                      text25       16F6
__end_of_read_adc                  text7        15C9
__end_of_read_digital_keypad       text6        1720
__end_of_read_ds1307               text33       174B
__end_of_save_time                 text5        0A2C
__end_of_set_time                  text3        0EA3
__end_of_strcpy                    text2        16D0
__end_of_strncmp                   text40       0A7C
__end_of_view_log                  text1        0392
__end_of_write_ds1307              text19       168C
__initialization                   cinit        000F
__pbssBANK0                        bssBANK0     004D
__pbssBANK1                        bssBANK1     00A0
__pbssCOMMON                       bssCOMMON    007A
__pcstackBANK0                     cstackBANK0  0020
__pcstackCOMMON                    cstackCOMMON 0070
__pdataBANK0                       dataBANK0    006B
__pdataBANK1                       dataBANK1    00D1
__pidataBANK0                      idataBANK0   1527
__pidataBANK1                      idataBANK1   1635
__pintentry                        intentry     0004
__pmaintext                        maintext     0040
__pstrings                         strings      1000
__pstringtext                      stringtext   0400
__ptext1                           text1        030A
__ptext10                          text10       0A7C
__ptext11                          text11       095B
__ptext12                          text12       17D1
__ptext13                          text13       08E7
__ptext14                          text14       087C
__ptext15                          text15       1599
__ptext16                          text16       0815
__ptext17                          text17       0C6B
__ptext18                          text18       15C9
__ptext19                          text19       166E
__ptext2                           text2        16AD
__ptext20                          text20       152C
__ptext21                          text21       1574
__ptext22                          text22       0B3A
__ptext23                          text23       1532
__ptext24                          text24       0392
__ptext25                          text25       16D0
__ptext26                          text26       1569
__ptext27                          text27       0CD3
__ptext28                          text28       174B
__ptext29                          text29       0800
__ptext3                           text3        0D52
__ptext30                          text30       06D8
__ptext31                          text31       0AD8
__ptext32                          text32       0C04
__ptext33                          text33       1720
__ptext34                          text34       155E
__ptext35                          text35       168C
__ptext36                          text36       07A7
__ptext37                          text37       0B9D
__ptext38                          text38       1776
__ptext39                          text39       0EA3
__ptext4                           text4        0921
__ptext40                          text40       0A2C
__ptext41                          text41       1650
__ptext42                          text42       1553
__ptext43                          text43       154A
__ptext44                          text44       1541
__ptext45                          text45       158C
__ptext46                          text46       161B
__ptext47                          text47       157F
__ptext48                          text48       15A6
__ptext49                          text49       15EF
__ptext5                           text5        09DD
__ptext50                          text50       17A2
__ptext51                          text51       08B1
__ptext52                          text52       0997
__ptext53                          text53       0847
__ptext6                           text6        16F6
__ptext7                           text7        15B7
__ptext8                           text8        056D
__ptext9                           text9        1604
__stringbase                       strings      1012
__stringtab                        strings      1000
_change_pass                       text39       0EA3
_clcd_print                        text50       17A2
_clcd_putch                        text49       15EF
_clcd_write                        text51       08B1
_clear_display                     text48       15A6
_clear_log                         text38       1776
_clock_reg                         bssBANK0     004D
_control_flag                      dataBANK0    006D
_cursor_off                        text47       157F
_cursor_on                         text46       161B
_display_dashboard                 text31       0AD8
_display_menu                      text30       06D8
_download_log                      text24       0392
_eeprom_at24C04_byte_write         text41       1650
_eeprom_at24C04_read               text28       174B
_eeprom_at24C04_str_write          text12       17D1
_event                             bssCOMMON    007A
_fetch_data                        bssBANK1     00A0
_fetch_data_from_memory            text27       0CD3
_get_time                          text32       0C04
_i2c_read                          text35       168C
_i2c_rep_start                     text34       155E
_i2c_start                         text44       1541
_i2c_stop                          text43       154A
_i2c_wait_for_idle                 text45       158C
_i2c_write                         text42       1553
_init                              text13       08E7
_init_adc                          text23       1532
_init_clcd                         text21       1574
_init_digital_keypad               text20       152C
_init_display_controller           text22       0B3A
_init_ds1307                       text18       15C9
_init_i2c                          text16       0815
_init_timer2                       text15       1599
_init_uart                         text14       087C
_isr                               text53       0847
_log                               bssBANK1     00B1
_log_event                         text10       0A7C
_log_event_write                   text11       095B
_login                             text8        056D
_login_screen                      text9        1604
_main                              maintext     0040
_menu_pos                          bssBANK0     005D
_nDONE                             (abs)        00FA
_pos                               dataBANK0    006E
_putchar                           text26       1569
_puts                              text25       16D0
_read_adc                          text7        15B7
_read_digital_keypad               text6        16F6
_read_ds1307                       text33       1720
_return_time                       bssBANK0     005B
_save_time                         text5        09DD
_sec                               bssBANK0     005C
_set_time                          text3        0D52
_set_tm                            bssBANK0     005E
_strcpy                            text2        16AD
_strncmp                           text40       0A2C
_time                              bssBANK1     00BC
_view_log                          text1        030A
_write_ds1307                      text19       166E
btemp                              (abs)        007E
change_pass@clear_flag             bssBANK0     0058
change_pass@i                      bssBANK0     0059
change_pass@i_468                  cstackBANK0  0028
change_pass@i_470                  cstackBANK0  002A
change_pass@key                    cstackBANK0  0027
change_pass@new_pass               bssBANK1     00C9
change_pass@re_pass                bssBANK1     00C5
change_pass@reset                  cstackBANK0  0022
clcd_print@addr                    cstackCOMMON 0078
clcd_print@str                     cstackCOMMON 0076
clcd_putch@addr                    cstackBANK0  0020
clcd_putch@data                    cstackBANK0  0021
clcd_write@byte                    cstackCOMMON 0075
clcd_write@mode                    cstackCOMMON 0072
clear_log@i                        cstackCOMMON 0078
clear_ram0                         clrtext      1539
cursor_on@address                  cstackCOMMON 0077
display_dashboard@event            cstackBANK0  0025
display_dashboard@speed            cstackBANK0  0022
display_menu@F1279                 dataBANK1    00DF
display_menu@key                   cstackBANK0  002E
display_menu@menu                  cstackBANK0  0024
display_menu@reset                 cstackCOMMON 0079
download_log@i                     cstackBANK0  0023
eeprom_at24C04_byte_write@addr     cstackCOMMON 0074
eeprom_at24C04_byte_write@data     cstackCOMMON 0073
eeprom_at24C04_read@addr           cstackCOMMON 0074
eeprom_at24C04_read@data           cstackCOMMON 0075
eeprom_at24C04_str_write@addr      cstackCOMMON 0077
eeprom_at24C04_str_write@i         cstackCOMMON 0078
eeprom_at24C04_str_write@str       cstackCOMMON 0075
end_of_initialization              cinit        003C
fetch_data_from_memory@addr        cstackCOMMON 0077
fetch_data_from_memory@i           cstackCOMMON 0076
i2c_read@ack                       cstackCOMMON 0072
i2c_read@data                      cstackCOMMON 0073
i2c_write@data                     cstackCOMMON 0072
init_ds1307@dummy                  cstackCOMMON 0076
init_fetch0                        inittext     15DC
init_i2c@baud                      cstackBANK0  0026
init_ram0                          inittext     15E0
init_uart@baud                     cstackBANK0  0026
interrupt_function                 intentry     0004
intlevel0                          functab      0000
intlevel1                          functab      0000
intlevel2                          functab      0000
intlevel3                          functab      0000
intlevel4                          functab      0000
intlevel5                          functab      0000
isr@count                          bssBANK0     0056
log_event@event                    cstackBANK0  0023
log_event@speed                    cstackBANK0  0020
log_event_write@addr               cstackCOMMON 0079
login@attempts                     dataBANK0    006B
login@i                            bssBANK0     005A
login@j                            cstackBANK0  0026
login@key                          cstackBANK0  0022
login@reset                        cstackBANK0  0028
login@spassword                    bssBANK1     00CD
login@upassword                    bssBANK0     0067
main@F1253                         dataBANK1    00E9
main@F1262                         dataBANK1    00D1
main@event                         cstackBANK0  0045
main@gear                          cstackBANK0  0033
main@gr                            cstackBANK0  0049
main@i                             cstackBANK0  0041
main@key                           cstackBANK0  0048
main@pre_key                       cstackBANK0  004C
main@press_duration                cstackBANK0  0044
main@reset                         cstackBANK0  004B
main@speed                         cstackBANK0  004A
main@store                         cstackBANK0  0043
putchar@data                       cstackCOMMON 0072
puts@s                             cstackCOMMON 0073
read_adc@adc_reg_val               cstackCOMMON 0074
read_digital_keypad@mode           cstackCOMMON 0073
read_digital_keypad@once           dataBANK0    006C
read_ds1307@addr                   cstackCOMMON 0074
read_ds1307@data                   cstackCOMMON 0075
reset_vec                          reset_vec    0000
save_time@data                     cstackCOMMON 0077
saved_w                            (abs)        007E
set_time@curs_flag                 bssBANK0     0052
set_time@i                         bssBANK0     0054
set_time@i_415                     cstackBANK0  0026
set_time@key                       cstackBANK0  0025
set_time@reset                     cstackBANK0  0022
start                              init         000C
start_initialization               cinit        000F
strcpy@d                           cstackCOMMON 0076
strcpy@dest                        cstackCOMMON 0077
strcpy@src                         cstackCOMMON 0072
strncmp@l                          cstackCOMMON 0077
strncmp@n                          cstackCOMMON 0073
strncmp@r                          cstackCOMMON 0072
view_log@key                       cstackCOMMON 0079
view_log@pos                       bssBANK0     0050
view_log@reset                     cstackBANK0  0020
write_ds1307@addr                  cstackCOMMON 0074
write_ds1307@data                  cstackCOMMON 0073
wtemp0                             (abs)        007E


MODULE INFORMATION

Module		Function		Class		Link	Load	Size
timers.c
		_init_timer2   		CODE           	1599	0000	13

timers.c estimated size: 13

C:\Program Files\Microchip\xc8\v2.45\pic\sources\c99\common\Umul8.c
		___bmul        		CODE           	0800	0000	21

C:\Program Files\Microchip\xc8\v2.45\pic\sources\c99\common\Umul8.c estimated size: 21

digital_keypad.c
		_init_digital_keypad		CODE           	152C	0000	6
		_read_digital_keypad		CODE           	16F6	0000	42

digital_keypad.c estimated size: 48

uart.c
		_init_uart     		CODE           	087C	0000	53
		_puts          		CODE           	16D0	0000	38
		_putchar       		CODE           	1569	0000	11

uart.c estimated size: 102

i2c.c
		_i2c_start     		CODE           	1541	0000	9
		_i2c_rep_start 		CODE           	155E	0000	11
		_i2c_write     		CODE           	1553	0000	11
		_i2c_stop      		CODE           	154A	0000	9
		_i2c_read      		CODE           	168C	0000	33
		_init_i2c      		CODE           	0815	0000	50
		_i2c_wait_for_idle		CODE           	158C	0000	13

i2c.c estimated size: 136

log_op.c
		_view_log      		CODE           	030A	0000	136
		_fetch_data_from_memory		CODE           	0CD3	0000	127
		_download_log  		CODE           	0392	0000	107
		_clear_log     		CODE           	1776	0000	44

log_op.c estimated size: 414

C:\Program Files\Microchip\xc8\v2.45\pic\sources\c99\common\strncmp.c
		_strncmp       		CODE           	0A2C	0000	80

C:\Program Files\Microchip\xc8\v2.45\pic\sources\c99\common\strncmp.c estimated size: 80

ds1307.c
		_read_ds1307   		CODE           	1720	0000	43
		_write_ds1307  		CODE           	166E	0000	30
		_init_ds1307   		CODE           	15C9	0000	19

ds1307.c estimated size: 92

adc.c
		_init_adc      		CODE           	1532	0000	7
		_read_adc      		CODE           	15B7	0000	18

adc.c estimated size: 25

C:\Program Files\Microchip\xc8\v2.45\pic\sources\c99\common\lwmod.c
		___lwmod       		CODE           	0921	0000	58

C:\Program Files\Microchip\xc8\v2.45\pic\sources\c99\common\lwmod.c estimated size: 58

C:\Program Files\Microchip\xc8\v2.45\pic\sources\c99\common\awmod.c
		___awmod       		CODE           	07A7	0000	89

C:\Program Files\Microchip\xc8\v2.45\pic\sources\c99\common\awmod.c estimated size: 89

isr.c
		_isr           		CODE           	0847	0000	53

isr.c estimated size: 53

shared
		__stringtab    		STRING         	1000	0000	18
		__initialization		CODE           	000F	0000	45

shared estimated size: 63

clcd.c
		_clcd_write    		CODE           	08B1	0000	54
		_cursor_on     		CODE           	161B	0000	26
		_cursor_off    		CODE           	157F	0000	13
		_clear_display 		CODE           	15A6	0000	17
		_clcd_print    		CODE           	17A2	0000	47
		_clcd_putch    		CODE           	15EF	0000	21
		_init_display_controller		CODE           	0B3A	0000	99
		_init_clcd     		CODE           	1574	0000	11

clcd.c estimated size: 288

C:\Program Files\Microchip\xc8\v2.45\pic\sources\c99\common\__lldiv.c
		___lldiv       		CODE           	0C6B	0000	104

C:\Program Files\Microchip\xc8\v2.45\pic\sources\c99\common\__lldiv.c estimated size: 104

C:\Program Files\Microchip\xc8\v2.45\pic\sources\c99\common\strcpy.c
		_strcpy        		CODE           	16AD	0000	35

C:\Program Files\Microchip\xc8\v2.45\pic\sources\c99\common\strcpy.c estimated size: 35

set_time.c
		_save_time     		CODE           	09DD	0000	79
		_set_time      		CODE           	0D52	0000	337

set_time.c estimated size: 416

c_b_b.c
		_log_event_write		CODE           	095B	0000	60
		_display_menu  		CODE           	06D8	0000	207
		_display_dashboard		CODE           	0AD8	0000	98
		_get_time      		CODE           	0C04	0000	103
		_log_event     		CODE           	0A7C	0000	92
		_login_screen  		CODE           	1604	0000	23
		_login         		CODE           	056D	0000	363

c_b_b.c estimated size: 946

main.c
		_init          		CODE           	08E7	0000	58
		_main          		CODE           	0040	0000	714

main.c estimated size: 772

EEprom.c
		_eeprom_at24C04_byte_write		CODE           	1650	0000	30
		_eeprom_at24C04_read		CODE           	174B	0000	43
		_eeprom_at24C04_str_write		CODE           	17D1	0000	47

EEprom.c estimated size: 120

C:\Program Files\Microchip\xc8\v2.45\pic\sources\c99\common\lwdiv.c
		___lwdiv       		CODE           	0997	0000	70

C:\Program Files\Microchip\xc8\v2.45\pic\sources\c99\common\lwdiv.c estimated size: 70

C:\Program Files\Microchip\xc8\v2.45\pic\sources\c99\common\awdiv.c
		___awdiv       		CODE           	0B9D	0000	103

C:\Program Files\Microchip\xc8\v2.45\pic\sources\c99\common\awdiv.c estimated size: 103

pass.c
		_change_pass   		CODE           	0EA3	0000	349

pass.c estimated size: 349

